Component: ARM Compiler 5.06 update 1 (build 61) Tool: armlink [4d35a8]

==============================================================================

Section Cross References

    codetodatanooverlap.o(RESET) refers to codetodatanooverlap.o(code_to_data) for Reset_Handler
    codetodatanooverlap.o(code_to_data) refers to codetodatanooverlap.o(dataArea) for dst


==============================================================================

Image Symbol Table

    Local Symbols

    Symbol Name                              Value     Ov Type        Size  Object(Section)

    RESET                                    0x00000000   Section        8  codetodatanooverlap.o(RESET)
    codeToDatanoOverlap.asm                  0x00000000   Number         0  codetodatanooverlap.o ABSOLUTE
    code_to_data                             0x00000008   Section       76  codetodatanooverlap.o(code_to_data)
    src                                      0x00000024   Data          40  codetodatanooverlap.o(code_to_data)
    dataArea                                 0x10000000   Section       40  codetodatanooverlap.o(dataArea)
    dst                                      0x10000000   Data          40  codetodatanooverlap.o(dataArea)

    Global Symbols

    Symbol Name                              Value     Ov Type        Size  Object(Section)

    BuildAttributes$$THM_ISAv4$P$D$K$B$S$PE$A:L22UL41UL21$X:L11$S22US41US21$IEEE1$IW$USESV6$~STKCKD$USESV7$~SHL$OSPACE$EBA8$STANDARDLIB$PRES8$EABIv2 0x00000000   Number         0  anon$$obj.o ABSOLUTE
    __Vectors                                0x00000000   Data           4  codetodatanooverlap.o(RESET)
    Reset_Handler                            0x00000009   Thumb Code     2  codetodatanooverlap.o(code_to_data)



==============================================================================

Memory Map of the image

  Image Entry point : 0x00000009

  Load Region LR_1 (Base: 0x00000000, Size: 0x0000007c, Max: 0xffffffff, ABSOLUTE)

    Execution Region ER_RO (Base: 0x00000000, Size: 0x00000054, Max: 0xffffffff, ABSOLUTE)

    Base Addr    Size         Type   Attr      Idx    E Section Name        Object

    0x00000000   0x00000008   Data   RO            1    RESET               codetodatanooverlap.o
    0x00000008   0x0000004c   Code   RO            2  * code_to_data        codetodatanooverlap.o


    Execution Region ER_RW (Base: 0x10000000, Size: 0x00000028, Max: 0xffffffff, ABSOLUTE)

    Base Addr    Size         Type   Attr      Idx    E Section Name        Object

    0x10000000   0x00000028   Data   RW            3    dataArea            codetodatanooverlap.o


    Execution Region ER_ZI (Base: 0x10000028, Size: 0x00000000, Max: 0xffffffff, ABSOLUTE)

    **** No section assigned to this execution region ****


==============================================================================

Image component sizes


      Code (inc. data)   RO Data    RW Data    ZI Data      Debug   Object Name

        76         50          8         40          0        300   codetodatanooverlap.o

    ----------------------------------------------------------------------
        76         50          8         40          0        300   Object Totals
         0          0          0          0          0          0   (incl. Generated)
         0          0          0          0          0          0   (incl. Padding)

    ----------------------------------------------------------------------
         0          0          0          0          0          0   Library Totals
         0          0          0          0          0          0   (incl. Padding)

    ----------------------------------------------------------------------

==============================================================================


      Code (inc. data)   RO Data    RW Data    ZI Data      Debug   

        76         50          8         40          0        300   Grand Totals
        76         50          8         40          0        300   ELF Image Totals
        76         50          8         40          0          0   ROM Totals

==============================================================================

    Total RO  Size (Code + RO Data)                   84 (   0.08kB)
    Total RW  Size (RW Data + ZI Data)                40 (   0.04kB)
    Total ROM Size (Code + RO Data + RW Data)        124 (   0.12kB)

==============================================================================

