<html>
<body>
<pre>
<h1>µVision Build Log</h1>
<h2>Tool Versions:</h2>
IDE-Version: µVision V5.17.0.0
Copyright (C) 2015 ARM Ltd and ARM Germany GmbH. All rights reserved.
License Information: Arkeyve Ecks, Arkeyve, LIC=----
 
Tool Versions:
Toolchain:       MDK-Lite  Version: 5.17
Toolchain Path:  C:\Keil_v5\ARM\ARMCC\Bin
C Compiler:      Armcc.exe V5.06 update 1 (build 61)
Assembler:       Armasm.exe V5.06 update 1 (build 61)
Linker/Locator:  ArmLink.exe V5.06 update 1 (build 61)
Library Manager: ArmAr.exe V5.06 update 1 (build 61)
Hex Converter:   FromElf.exe V5.06 update 1 (build 61)
CPU DLL:         SARMCM3.DLL V5.17
Dialog DLL:      DARMP1.DLL V1.25.0.0
Target DLL:      UL2CM3.DLL V1.156.1.0
Dialog DLL:      TARMP1.DLL V1.24.0.0
 
<h2>Project:</h2>
D:\Code\Embedded System\ARM_NXP-LPC1768\project\bcdAdder_lcd\bcdAdder_lcd.uvprojx
Project File Date:  04/16/2016

<h2>Output:</h2>
*** Using Compiler 'V5.06 update 1 (build 61)', folder: 'C:\Keil_v5\ARM\ARMCC\Bin'
Build target 'Target 1'
compiling bcdAdder_lcd.c...
bcdAdder_lcd.c(107): warning:  #223-D: function "sprintf" declared implicitly
  			sprintf(sum, "%d", integer_sum); // convert sum from int to string
bcdAdder_lcd.c(117): warning:  #111-D: statement is unreachable
  	return 0;
bcdAdder_lcd.c(132): warning:  #68-D: integer conversion resulted in a change of sign
  	else col = -1;
bcdAdder_lcd.c(155): warning:  #68-D: integer conversion resulted in a change of sign
  	if(col != -1) {
bcdAdder_lcd.c(192): warning:  #167-D: argument of type "unsigned char *" is incompatible with parameter of type "const char *"
  				number_of_numbers = atoi(c);
bcdAdder_lcd.c(197): warning:  #167-D: argument of type "unsigned char *" is incompatible with parameter of type "const char *"
  				integer_sum += atoi(c);
bcdAdder_lcd.c: 6 warnings, 0 errors
linking...
Program Size: Code=4216 RO-data=508 RW-data=120 ZI-data=608  
FromELF: creating hex file...
".\Objects\bcdAdder_lcd.axf" - 0 Error(s), 6 Warning(s).

<h2>Collection of Component include folders:</h2>
  D:\Code\Embedded System\ARM_NXP-LPC1768\project\bcdAdder_lcd\RTE
  C:\Keil_v5\ARM\PACK\Keil\LPC1700_DFP\2.2.0\Device\Include

<h2>Collection of Component Files used:</h2>
Build Time Elapsed:  00:00:03
</pre>
</body>
</html>
