<html>
<body>
<pre>
<h1>µVision Build Log</h1>
<h2>Tool Versions:</h2>
IDE-Version: µVision V5.17.0.0
Copyright (C) 2015 ARM Ltd and ARM Germany GmbH. All rights reserved.
License Information: Arkeyve Ecks, dArkened_0rks, LIC=----
 
Tool Versions:
Toolchain:       MDK-Lite  Version: 5.17
Toolchain Path:  C:\Keil_v5\ARM\ARMCC\Bin
C Compiler:      Armcc.exe V5.06 update 1 (build 61)
Assembler:       Armasm.exe V5.06 update 1 (build 61)
Linker/Locator:  ArmLink.exe V5.06 update 1 (build 61)
Library Manager: ArmAr.exe V5.06 update 1 (build 61)
Hex Converter:   FromElf.exe V5.06 update 1 (build 61)
CPU DLL:         SARMCM3.DLL V5.17
Dialog DLL:      DARMP1.DLL V1.25.0.0
Target DLL:      UL2CM3.DLL V1.156.1.0
Dialog DLL:      TARMP1.DLL V1.24.0.0
 
<h2>Project:</h2>
Z:\media\arkeyve\Archive\Code\Embedded System\ARM_NXP-LPC1768\sample\adc\adc.uvprojx
Project File Date:  04/29/2016

<h2>Output:</h2>
*** Using Compiler 'V5.06 update 1 (build 61)', folder: 'C:\Keil_v5\ARM\ARMCC\Bin'
Build target 'Target 1'
compiling adc_sample.c...
adc_sample.c(39): warning:  #223-D: function "sprintf" declared implicitly
  		sprintf(vtg, "%3.2f", in_vtg);
adc_sample.c(41): warning:  #1-D: last line of file ends without a newline
  }
adc_sample.c(10): warning:  #177-D: variable "i" was declared but never referenced
  	unsigned int i;
adc_sample.c(12): warning:  #177-D: variable "dval" was declared but never referenced
  	unsigned char vtg[7], dval[7];
adc_sample.c(13): warning:  #177-D: variable "msg0" was declared but never referenced
  	unsigned char msg0[] = {"ANALOG IP: "};
adc_sample.c(14): warning:  #177-D: variable "msg1" was declared but never referenced
  	unsigned char msg1[] = {"ADC OUTPUT: "};
adc_sample.c: 6 warnings, 0 errors
linking...
Program Size: Code=6420 RO-data=412 RW-data=4 ZI-data=612  
FromELF: creating hex file...
".\Objects\adc.axf" - 0 Error(s), 6 Warning(s).

<h2>Collection of Component include folders:</h2>
  Z:\media\arkeyve\Archive\Code\Embedded System\ARM_NXP-LPC1768\sample\adc\RTE
  C:\Keil_v5\ARM\PACK\Keil\LPC1700_DFP\2.2.0\Device\Include

<h2>Collection of Component Files used:</h2>
Build Time Elapsed:  00:00:02
</pre>
</body>
</html>
