Component: ARM Compiler 5.06 update 1 (build 61) Tool: armlink [4d35a8]

==============================================================================

Section Cross References

    bcdadder_lcdtest.o(i.EINT3_IRQHandler) refers to atoi.o(.text) for atoi
    bcdadder_lcdtest.o(i.EINT3_IRQHandler) refers to bcdadder_lcdtest.o(.data) for j
    bcdadder_lcdtest.o(i.clr_disp) refers to bcdadder_lcdtest.o(i.lcd_com) for lcd_com
    bcdadder_lcdtest.o(i.clr_disp) refers to bcdadder_lcdtest.o(i.delay_lcd) for delay_lcd
    bcdadder_lcdtest.o(i.lcd_com) refers to bcdadder_lcdtest.o(i.wr_cn) for wr_cn
    bcdadder_lcdtest.o(i.lcd_com) refers to bcdadder_lcdtest.o(i.delay_lcd) for delay_lcd
    bcdadder_lcdtest.o(i.lcd_data) refers to bcdadder_lcdtest.o(i.wr_dn) for wr_dn
    bcdadder_lcdtest.o(i.lcd_data) refers to bcdadder_lcdtest.o(i.delay_lcd) for delay_lcd
    bcdadder_lcdtest.o(i.lcd_init) refers to bcdadder_lcdtest.o(i.clear_ports) for clear_ports
    bcdadder_lcdtest.o(i.lcd_init) refers to bcdadder_lcdtest.o(i.delay_lcd) for delay_lcd
    bcdadder_lcdtest.o(i.lcd_init) refers to bcdadder_lcdtest.o(i.lcd_com) for lcd_com
    bcdadder_lcdtest.o(i.lcd_puts) refers to bcdadder_lcdtest.o(i.lcd_data) for lcd_data
    bcdadder_lcdtest.o(i.lcd_puts) refers to bcdadder_lcdtest.o(i.lcd_com) for lcd_com
    bcdadder_lcdtest.o(i.main) refers to _printf_percent.o(.ARM.Collect$$_printf_percent$$00000000) for _printf_percent
    bcdadder_lcdtest.o(i.main) refers to _printf_d.o(.ARM.Collect$$_printf_percent$$00000009) for _printf_d
    bcdadder_lcdtest.o(i.main) refers to _printf_dec.o(.text) for _printf_int_dec
    bcdadder_lcdtest.o(i.main) refers to system_lpc17xx.o(i.SystemInit) for SystemInit
    bcdadder_lcdtest.o(i.main) refers to system_lpc17xx.o(i.SystemCoreClockUpdate) for SystemCoreClockUpdate
    bcdadder_lcdtest.o(i.main) refers to bcdadder_lcdtest.o(i.lcd_init) for lcd_init
    bcdadder_lcdtest.o(i.main) refers to bcdadder_lcdtest.o(i.delay_lcd) for delay_lcd
    bcdadder_lcdtest.o(i.main) refers to bcdadder_lcdtest.o(i.clr_disp) for clr_disp
    bcdadder_lcdtest.o(i.main) refers to bcdadder_lcdtest.o(i.lcd_com) for lcd_com
    bcdadder_lcdtest.o(i.main) refers to bcdadder_lcdtest.o(i.lcd_puts) for lcd_puts
    bcdadder_lcdtest.o(i.main) refers to noretval__2sprintf.o(.text) for __2sprintf
    bcdadder_lcdtest.o(i.main) refers to bcdadder_lcdtest.o(.data) for top
    bcdadder_lcdtest.o(i.wr_cn) refers to bcdadder_lcdtest.o(i.clear_ports) for clear_ports
    bcdadder_lcdtest.o(i.wr_cn) refers to bcdadder_lcdtest.o(i.delay_lcd) for delay_lcd
    bcdadder_lcdtest.o(i.wr_dn) refers to bcdadder_lcdtest.o(i.clear_ports) for clear_ports
    bcdadder_lcdtest.o(i.wr_dn) refers to bcdadder_lcdtest.o(i.delay_lcd) for delay_lcd
    system_lpc17xx.o(i.SystemCoreClockUpdate) refers to lludivv7m.o(.text) for __aeabi_uldivmod
    system_lpc17xx.o(i.SystemCoreClockUpdate) refers to system_lpc17xx.o(.data) for SystemCoreClock
    startup_lpc17xx.o(STACK) refers (Special) to heapauxi.o(.text) for __use_two_region_memory
    startup_lpc17xx.o(HEAP) refers (Special) to heapauxi.o(.text) for __use_two_region_memory
    startup_lpc17xx.o(RESET) refers (Special) to heapauxi.o(.text) for __use_two_region_memory
    startup_lpc17xx.o(RESET) refers to startup_lpc17xx.o(STACK) for __initial_sp
    startup_lpc17xx.o(RESET) refers to startup_lpc17xx.o(.text) for Reset_Handler
    startup_lpc17xx.o(RESET) refers to bcdadder_lcdtest.o(i.EINT3_IRQHandler) for EINT3_IRQHandler
    startup_lpc17xx.o(.ARM.__at_0x02FC) refers (Special) to heapauxi.o(.text) for __use_two_region_memory
    startup_lpc17xx.o(.text) refers (Special) to heapauxi.o(.text) for __use_two_region_memory
    startup_lpc17xx.o(.text) refers to system_lpc17xx.o(i.SystemInit) for SystemInit
    startup_lpc17xx.o(.text) refers to __main.o(!!!main) for __main
    startup_lpc17xx.o(.text) refers to startup_lpc17xx.o(HEAP) for Heap_Mem
    startup_lpc17xx.o(.text) refers to startup_lpc17xx.o(STACK) for Stack_Mem
    __2sprintf.o(.text) refers to _printf_char_common.o(.text) for _printf_char_common
    __2sprintf.o(.text) refers to _sputc.o(.text) for _sputc
    noretval__2sprintf.o(.text) refers to _printf_char_common.o(.text) for _printf_char_common
    noretval__2sprintf.o(.text) refers to _sputc.o(.text) for _sputc
    __printf.o(.text) refers to _printf_percent.o(.ARM.Collect$$_printf_percent$$00000000) for _printf_percent
    _printf_dec.o(.text) refers to _printf_intcommon.o(.text) for _printf_int_common
    __printf_flags.o(.text) refers to _printf_percent.o(.ARM.Collect$$_printf_percent$$00000000) for _printf_percent
    __printf_flags.o(.text) refers to __printf_flags.o(.constdata) for .constdata
    __printf_ss.o(.text) refers to _printf_percent.o(.ARM.Collect$$_printf_percent$$00000000) for _printf_percent
    __printf_flags_ss.o(.text) refers to _printf_percent.o(.ARM.Collect$$_printf_percent$$00000000) for _printf_percent
    __printf_flags_ss.o(.text) refers to __printf_flags_ss.o(.constdata) for .constdata
    __printf_wp.o(.text) refers to __printf_wp.o(i._is_digit) for _is_digit
    __printf_wp.o(.text) refers to _printf_percent.o(.ARM.Collect$$_printf_percent$$00000000) for _printf_percent
    __printf_flags_wp.o(.text) refers to __printf_wp.o(i._is_digit) for _is_digit
    __printf_flags_wp.o(.text) refers to _printf_percent.o(.ARM.Collect$$_printf_percent$$00000000) for _printf_percent
    __printf_flags_wp.o(.text) refers to __printf_flags_wp.o(.constdata) for .constdata
    __printf_ss_wp.o(.text) refers to __printf_wp.o(i._is_digit) for _is_digit
    __printf_ss_wp.o(.text) refers to _printf_percent.o(.ARM.Collect$$_printf_percent$$00000000) for _printf_percent
    __printf_flags_ss_wp.o(.text) refers to __printf_wp.o(i._is_digit) for _is_digit
    __printf_flags_ss_wp.o(.text) refers to _printf_percent.o(.ARM.Collect$$_printf_percent$$00000000) for _printf_percent
    __printf_flags_ss_wp.o(.text) refers to __printf_flags_ss_wp.o(.constdata) for .constdata
    _printf_d.o(.ARM.Collect$$_printf_percent$$00000009) refers (Weak) to _printf_dec.o(.text) for _printf_int_dec
    _printf_percent.o(.ARM.Collect$$_printf_percent$$00000000) refers (Special) to _printf_percent_end.o(.ARM.Collect$$_printf_percent$$00000017) for _printf_percent_end
    atoi.o(.text) refers to rt_errno_addr_intlibspace.o(.text) for __aeabi_errno_addr
    atoi.o(.text) refers to strtol.o(.text) for strtol
    __main.o(!!!main) refers to __rtentry.o(.ARM.Collect$$rtentry$$00000000) for __rt_entry
    __rtentry.o(.ARM.Collect$$rtentry$$00000000) refers (Special) to __rtentry2.o(.ARM.Collect$$rtentry$$0000000A) for __rt_entry_li
    __rtentry.o(.ARM.Collect$$rtentry$$00000000) refers (Special) to __rtentry2.o(.ARM.Collect$$rtentry$$0000000D) for __rt_entry_main
    __rtentry.o(.ARM.Collect$$rtentry$$00000000) refers (Special) to __rtentry2.o(.ARM.Collect$$rtentry$$0000000C) for __rt_entry_postli_1
    __rtentry.o(.ARM.Collect$$rtentry$$00000000) refers (Special) to __rtentry2.o(.ARM.Collect$$rtentry$$00000009) for __rt_entry_postsh_1
    __rtentry.o(.ARM.Collect$$rtentry$$00000000) refers (Special) to __rtentry2.o(.ARM.Collect$$rtentry$$00000002) for __rt_entry_presh_1
    __rtentry.o(.ARM.Collect$$rtentry$$00000000) refers (Special) to __rtentry4.o(.ARM.Collect$$rtentry$$00000004) for __rt_entry_sh
    aeabi_ldiv0_sigfpe.o(.text) refers to rt_div0.o(.text) for __rt_div0
    rt_errno_addr.o(.text) refers to rt_errno_addr.o(.bss) for __aeabi_errno_addr_data
    rt_errno_addr_intlibspace.o(.text) refers to libspace.o(.bss) for __libspace_start
    _printf_char_common.o(.text) refers to __printf.o(.text) for __printf
    strtol.o(.text) refers to rt_ctype_table.o(.text) for __rt_ctype_table
    strtol.o(.text) refers to _strtoul.o(.text) for _strtoul
    strtol.o(.text) refers to rt_errno_addr_intlibspace.o(.text) for __aeabi_errno_addr
    libspace.o(.text) refers to libspace.o(.bss) for __libspace_start
    __rtentry2.o(.ARM.Collect$$rtentry$$00000008) refers to boardinit2.o(.text) for _platform_post_stackheap_init
    __rtentry2.o(.ARM.Collect$$rtentry$$0000000A) refers to libinit.o(.ARM.Collect$$libinit$$00000000) for __rt_lib_init
    __rtentry2.o(.ARM.Collect$$rtentry$$0000000B) refers to boardinit3.o(.text) for _platform_post_lib_init
    __rtentry2.o(.ARM.Collect$$rtentry$$0000000D) refers to bcdadder_lcdtest.o(i.main) for main
    __rtentry2.o(.ARM.Collect$$rtentry$$0000000D) refers to exit.o(.text) for exit
    __rtentry2.o(.ARM.exidx) refers to __rtentry2.o(.ARM.Collect$$rtentry$$00000001) for .ARM.Collect$$rtentry$$00000001
    __rtentry2.o(.ARM.exidx) refers to __rtentry2.o(.ARM.Collect$$rtentry$$00000008) for .ARM.Collect$$rtentry$$00000008
    __rtentry2.o(.ARM.exidx) refers to __rtentry2.o(.ARM.Collect$$rtentry$$0000000A) for .ARM.Collect$$rtentry$$0000000A
    __rtentry2.o(.ARM.exidx) refers to __rtentry2.o(.ARM.Collect$$rtentry$$0000000B) for .ARM.Collect$$rtentry$$0000000B
    __rtentry2.o(.ARM.exidx) refers to __rtentry2.o(.ARM.Collect$$rtentry$$0000000D) for .ARM.Collect$$rtentry$$0000000D
    __rtentry4.o(.ARM.Collect$$rtentry$$00000004) refers to sys_stackheap_outer.o(.text) for __user_setup_stackheap
    __rtentry4.o(.ARM.exidx) refers to __rtentry4.o(.ARM.Collect$$rtentry$$00000004) for .ARM.Collect$$rtentry$$00000004
    rt_ctype_table.o(.text) refers to rt_locale_intlibspace.o(.text) for __rt_locale
    rt_ctype_table.o(.text) refers to lc_ctype_c.o(locale$$code) for _get_lc_ctype
    rt_div0.o(.text) refers to defsig_fpe_outer.o(.text) for __rt_SIGFPE
    _strtoul.o(.text) refers to _chval.o(.text) for _chval
    _strtoul.o(.text) refers to rt_errno_addr_intlibspace.o(.text) for __aeabi_errno_addr
    sys_stackheap_outer.o(.text) refers to libspace.o(.text) for __user_perproc_libspace
    sys_stackheap_outer.o(.text) refers to startup_lpc17xx.o(.text) for __user_initial_stackheap
    rt_locale.o(.text) refers to rt_locale.o(.bss) for __rt_locale_data
    rt_locale_intlibspace.o(.text) refers to libspace.o(.bss) for __libspace_start
    lc_ctype_c.o(locale$$data) refers (Special) to libinit2.o(.ARM.Collect$$libinit$$00000012) for __rt_lib_init_lc_ctype_2
    lc_ctype_c.o(locale$$code) refers (Special) to libinit2.o(.ARM.Collect$$libinit$$00000012) for __rt_lib_init_lc_ctype_2
    lc_ctype_c.o(locale$$code) refers to strcmpv7m.o(.text) for strcmp
    lc_ctype_c.o(locale$$code) refers to lc_ctype_c.o(locale$$data) for __lcctype_c_name
    exit.o(.text) refers to rtexit.o(.ARM.Collect$$rtexit$$00000000) for __rt_exit
    defsig_fpe_outer.o(.text) refers to defsig_fpe_inner.o(.text) for __rt_SIGFPE_inner
    defsig_fpe_outer.o(.text) refers to defsig_exit.o(.text) for __sig_exit
    defsig_fpe_formal.o(.text) refers to rt_raise.o(.text) for __rt_raise
    libinit.o(.ARM.Collect$$libinit$$00000000) refers (Special) to libinit2.o(.ARM.Collect$$libinit$$0000002E) for __rt_lib_init_alloca_1
    libinit.o(.ARM.Collect$$libinit$$00000000) refers (Special) to libinit2.o(.ARM.Collect$$libinit$$0000002C) for __rt_lib_init_argv_1
    libinit.o(.ARM.Collect$$libinit$$00000000) refers (Special) to libinit2.o(.ARM.Collect$$libinit$$0000001B) for __rt_lib_init_atexit_1
    libinit.o(.ARM.Collect$$libinit$$00000000) refers (Special) to libinit2.o(.ARM.Collect$$libinit$$00000021) for __rt_lib_init_clock_1
    libinit.o(.ARM.Collect$$libinit$$00000000) refers (Special) to libinit2.o(.ARM.Collect$$libinit$$00000032) for __rt_lib_init_cpp_1
    libinit.o(.ARM.Collect$$libinit$$00000000) refers (Special) to libinit2.o(.ARM.Collect$$libinit$$00000030) for __rt_lib_init_exceptions_1
    libinit.o(.ARM.Collect$$libinit$$00000000) refers (Special) to libinit2.o(.ARM.Collect$$libinit$$00000002) for __rt_lib_init_fp_1
    libinit.o(.ARM.Collect$$libinit$$00000000) refers (Special) to libinit2.o(.ARM.Collect$$libinit$$0000001F) for __rt_lib_init_fp_trap_1
    libinit.o(.ARM.Collect$$libinit$$00000000) refers (Special) to libinit2.o(.ARM.Collect$$libinit$$00000023) for __rt_lib_init_getenv_1
    libinit.o(.ARM.Collect$$libinit$$00000000) refers (Special) to libinit2.o(.ARM.Collect$$libinit$$0000000A) for __rt_lib_init_heap_1
    libinit.o(.ARM.Collect$$libinit$$00000000) refers (Special) to libinit2.o(.ARM.Collect$$libinit$$00000011) for __rt_lib_init_lc_collate_1
    libinit.o(.ARM.Collect$$libinit$$00000000) refers (Special) to libinit2.o(.ARM.Collect$$libinit$$00000013) for __rt_lib_init_lc_ctype_1
    libinit.o(.ARM.Collect$$libinit$$00000000) refers (Special) to libinit2.o(.ARM.Collect$$libinit$$00000015) for __rt_lib_init_lc_monetary_1
    libinit.o(.ARM.Collect$$libinit$$00000000) refers (Special) to libinit2.o(.ARM.Collect$$libinit$$00000017) for __rt_lib_init_lc_numeric_1
    libinit.o(.ARM.Collect$$libinit$$00000000) refers (Special) to libinit2.o(.ARM.Collect$$libinit$$00000019) for __rt_lib_init_lc_time_1
    libinit.o(.ARM.Collect$$libinit$$00000000) refers (Special) to libinit2.o(.ARM.Collect$$libinit$$00000004) for __rt_lib_init_preinit_1
    libinit.o(.ARM.Collect$$libinit$$00000000) refers (Special) to libinit2.o(.ARM.Collect$$libinit$$0000000E) for __rt_lib_init_rand_1
    libinit.o(.ARM.Collect$$libinit$$00000000) refers (Special) to libinit2.o(.ARM.Collect$$libinit$$00000033) for __rt_lib_init_return
    libinit.o(.ARM.Collect$$libinit$$00000000) refers (Special) to libinit2.o(.ARM.Collect$$libinit$$0000001D) for __rt_lib_init_signal_1
    libinit.o(.ARM.Collect$$libinit$$00000000) refers (Special) to libinit2.o(.ARM.Collect$$libinit$$00000025) for __rt_lib_init_stdio_1
    libinit.o(.ARM.Collect$$libinit$$00000000) refers (Special) to libinit2.o(.ARM.Collect$$libinit$$0000000C) for __rt_lib_init_user_alloc_1
    rtexit.o(.ARM.Collect$$rtexit$$00000000) refers (Special) to rtexit2.o(.ARM.Collect$$rtexit$$00000004) for __rt_exit_exit
    rtexit.o(.ARM.Collect$$rtexit$$00000000) refers (Special) to rtexit2.o(.ARM.Collect$$rtexit$$00000003) for __rt_exit_ls
    rtexit.o(.ARM.Collect$$rtexit$$00000000) refers (Special) to rtexit2.o(.ARM.Collect$$rtexit$$00000002) for __rt_exit_prels_1
    rtexit.o(.ARM.exidx) refers (Special) to rtexit2.o(.ARM.Collect$$rtexit$$00000004) for __rt_exit_exit
    rtexit.o(.ARM.exidx) refers (Special) to rtexit2.o(.ARM.Collect$$rtexit$$00000003) for __rt_exit_ls
    rtexit.o(.ARM.exidx) refers (Special) to rtexit2.o(.ARM.Collect$$rtexit$$00000002) for __rt_exit_prels_1
    rtexit.o(.ARM.exidx) refers to rtexit.o(.ARM.Collect$$rtexit$$00000000) for .ARM.Collect$$rtexit$$00000000
    rt_raise.o(.text) refers to __raise.o(.text) for __raise
    rt_raise.o(.text) refers to sys_exit.o(.text) for _sys_exit
    defsig_exit.o(.text) refers to sys_exit.o(.text) for _sys_exit
    defsig_fpe_inner.o(.text) refers to defsig_general.o(.text) for __default_signal_display
    libinit2.o(.ARM.Collect$$libinit$$0000000F) refers (Weak) to rt_locale_intlibspace.o(.text) for __rt_locale
    libinit2.o(.ARM.Collect$$libinit$$00000010) refers to libinit2.o(.ARM.Collect$$libinit$$0000000F) for .ARM.Collect$$libinit$$0000000F
    libinit2.o(.ARM.Collect$$libinit$$00000012) refers to libinit2.o(.ARM.Collect$$libinit$$0000000F) for .ARM.Collect$$libinit$$0000000F
    libinit2.o(.ARM.Collect$$libinit$$00000012) refers (Weak) to lc_ctype_c.o(locale$$code) for _get_lc_ctype
    libinit2.o(.ARM.Collect$$libinit$$00000014) refers to libinit2.o(.ARM.Collect$$libinit$$0000000F) for .ARM.Collect$$libinit$$0000000F
    libinit2.o(.ARM.Collect$$libinit$$00000016) refers to libinit2.o(.ARM.Collect$$libinit$$0000000F) for .ARM.Collect$$libinit$$0000000F
    libinit2.o(.ARM.Collect$$libinit$$00000018) refers to libinit2.o(.ARM.Collect$$libinit$$0000000F) for .ARM.Collect$$libinit$$0000000F
    libinit2.o(.ARM.Collect$$libinit$$00000026) refers to argv_veneer.o(.emb_text) for __ARM_argv_veneer
    libinit2.o(.ARM.Collect$$libinit$$00000027) refers to argv_veneer.o(.emb_text) for __ARM_argv_veneer
    sys_exit.o(.text) refers (Special) to use_no_semi.o(.text) for __I$use$semihosting
    sys_exit.o(.text) refers (Special) to indicate_semi.o(.text) for __semihosting_library_function
    rtexit2.o(.ARM.Collect$$rtexit$$00000003) refers to libshutdown.o(.ARM.Collect$$libshutdown$$00000000) for __rt_lib_shutdown
    rtexit2.o(.ARM.Collect$$rtexit$$00000004) refers to sys_exit.o(.text) for _sys_exit
    rtexit2.o(.ARM.exidx) refers to rtexit2.o(.ARM.Collect$$rtexit$$00000001) for .ARM.Collect$$rtexit$$00000001
    rtexit2.o(.ARM.exidx) refers to rtexit2.o(.ARM.Collect$$rtexit$$00000003) for .ARM.Collect$$rtexit$$00000003
    rtexit2.o(.ARM.exidx) refers to rtexit2.o(.ARM.Collect$$rtexit$$00000004) for .ARM.Collect$$rtexit$$00000004
    __raise.o(.text) refers to defsig.o(CL$$defsig) for __default_signal_handler
    defsig_general.o(.text) refers to sys_wrch.o(.text) for _ttywrch
    argv_veneer.o(.emb_text) refers to no_argv.o(.text) for __ARM_get_argv
    sys_wrch.o(.text) refers (Special) to use_no_semi.o(.text) for __I$use$semihosting
    sys_wrch.o(.text) refers (Special) to indicate_semi.o(.text) for __semihosting_library_function
    defsig.o(CL$$defsig) refers to defsig_fpe_inner.o(.text) for __rt_SIGFPE_inner
    defsig.o(CL$$defsig) refers to defsig_rtmem_inner.o(.text) for __rt_SIGRTMEM_inner
    _get_argv_nomalloc.o(.text) refers (Special) to hrguard.o(.text) for __heap_region$guard
    _get_argv_nomalloc.o(.text) refers to defsig_rtmem_outer.o(.text) for __rt_SIGRTMEM
    _get_argv_nomalloc.o(.text) refers to sys_command.o(.text) for _sys_command_string
    libshutdown.o(.ARM.Collect$$libshutdown$$00000000) refers (Special) to libshutdown2.o(.ARM.Collect$$libshutdown$$00000002) for __rt_lib_shutdown_cpp_1
    libshutdown.o(.ARM.Collect$$libshutdown$$00000000) refers (Special) to libshutdown2.o(.ARM.Collect$$libshutdown$$00000007) for __rt_lib_shutdown_fp_trap_1
    libshutdown.o(.ARM.Collect$$libshutdown$$00000000) refers (Special) to libshutdown2.o(.ARM.Collect$$libshutdown$$0000000F) for __rt_lib_shutdown_heap_1
    libshutdown.o(.ARM.Collect$$libshutdown$$00000000) refers (Special) to libshutdown2.o(.ARM.Collect$$libshutdown$$00000010) for __rt_lib_shutdown_return
    libshutdown.o(.ARM.Collect$$libshutdown$$00000000) refers (Special) to libshutdown2.o(.ARM.Collect$$libshutdown$$0000000A) for __rt_lib_shutdown_signal_1
    libshutdown.o(.ARM.Collect$$libshutdown$$00000000) refers (Special) to libshutdown2.o(.ARM.Collect$$libshutdown$$00000004) for __rt_lib_shutdown_stdio_1
    libshutdown.o(.ARM.Collect$$libshutdown$$00000000) refers (Special) to libshutdown2.o(.ARM.Collect$$libshutdown$$0000000C) for __rt_lib_shutdown_user_alloc_1
    sys_command.o(.text) refers (Special) to use_no_semi.o(.text) for __I$use$semihosting
    sys_command.o(.text) refers (Special) to indicate_semi.o(.text) for __semihosting_library_function
    defsig_abrt_inner.o(.text) refers to defsig_general.o(.text) for __default_signal_display
    defsig_rtred_inner.o(.text) refers to defsig_general.o(.text) for __default_signal_display
    defsig_rtmem_inner.o(.text) refers to defsig_general.o(.text) for __default_signal_display
    defsig_rtmem_outer.o(.text) refers to defsig_rtmem_inner.o(.text) for __rt_SIGRTMEM_inner
    defsig_rtmem_outer.o(.text) refers to defsig_exit.o(.text) for __sig_exit
    defsig_rtmem_formal.o(.text) refers to rt_raise.o(.text) for __rt_raise
    defsig_stak_inner.o(.text) refers to defsig_general.o(.text) for __default_signal_display
    defsig_pvfn_inner.o(.text) refers to defsig_general.o(.text) for __default_signal_display
    defsig_cppl_inner.o(.text) refers to defsig_general.o(.text) for __default_signal_display
    defsig_segv_inner.o(.text) refers to defsig_general.o(.text) for __default_signal_display
    defsig_other.o(.text) refers to defsig_general.o(.text) for __default_signal_display


==============================================================================

Removing Unused input sections from the image.

    Removing bcdadder_lcdtest.o(.rev16_text), (4 bytes).
    Removing bcdadder_lcdtest.o(.revsh_text), (4 bytes).
    Removing system_lpc17xx.o(.rev16_text), (4 bytes).
    Removing system_lpc17xx.o(.revsh_text), (4 bytes).

4 unused section(s) (total 16 bytes) removed from the image.

==============================================================================

Image Symbol Table

    Local Symbols

    Symbol Name                              Value     Ov Type        Size  Object(Section)

    RESET                                    0x00000000   Section      204  startup_lpc17xx.o(RESET)
    ../clib/angel/boardlib.s                 0x00000000   Number         0  boardinit2.o ABSOLUTE
    ../clib/angel/boardlib.s                 0x00000000   Number         0  boardinit3.o ABSOLUTE
    ../clib/angel/boardlib.s                 0x00000000   Number         0  boardshut.o ABSOLUTE
    ../clib/angel/boardlib.s                 0x00000000   Number         0  boardinit1.o ABSOLUTE
    ../clib/angel/handlers.s                 0x00000000   Number         0  __scatter_zi.o ABSOLUTE
    ../clib/angel/handlers.s                 0x00000000   Number         0  __scatter_copy.o ABSOLUTE
    ../clib/angel/kernel.s                   0x00000000   Number         0  __rtentry2.o ABSOLUTE
    ../clib/angel/kernel.s                   0x00000000   Number         0  __rtentry4.o ABSOLUTE
    ../clib/angel/kernel.s                   0x00000000   Number         0  rtexit.o ABSOLUTE
    ../clib/angel/kernel.s                   0x00000000   Number         0  __rtentry.o ABSOLUTE
    ../clib/angel/kernel.s                   0x00000000   Number         0  rtexit2.o ABSOLUTE
    ../clib/angel/rt.s                       0x00000000   Number         0  rt_locale_intlibspace.o ABSOLUTE
    ../clib/angel/rt.s                       0x00000000   Number         0  rt_raise.o ABSOLUTE
    ../clib/angel/rt.s                       0x00000000   Number         0  aeabi_ldiv0.o ABSOLUTE
    ../clib/angel/rt.s                       0x00000000   Number         0  rt_errno_addr_intlibspace.o ABSOLUTE
    ../clib/angel/rt.s                       0x00000000   Number         0  rt_errno_addr.o ABSOLUTE
    ../clib/angel/rt.s                       0x00000000   Number         0  aeabi_ldiv0_sigfpe.o ABSOLUTE
    ../clib/angel/rt.s                       0x00000000   Number         0  rt_ctype_table.o ABSOLUTE
    ../clib/angel/rt.s                       0x00000000   Number         0  rt_div0.o ABSOLUTE
    ../clib/angel/rt.s                       0x00000000   Number         0  rt_locale.o ABSOLUTE
    ../clib/angel/scatter.s                  0x00000000   Number         0  __scatter.o ABSOLUTE
    ../clib/angel/startup.s                  0x00000000   Number         0  __main.o ABSOLUTE
    ../clib/angel/sys.s                      0x00000000   Number         0  libspace.o ABSOLUTE
    ../clib/angel/sys.s                      0x00000000   Number         0  indicate_semi.o ABSOLUTE
    ../clib/angel/sys.s                      0x00000000   Number         0  use_no_semi.o ABSOLUTE
    ../clib/angel/sys.s                      0x00000000   Number         0  sys_stackheap_outer.o ABSOLUTE
    ../clib/angel/sysapp.c                   0x00000000   Number         0  sys_command.o ABSOLUTE
    ../clib/angel/sysapp.c                   0x00000000   Number         0  sys_wrch.o ABSOLUTE
    ../clib/angel/sysapp.c                   0x00000000   Number         0  sys_exit.o ABSOLUTE
    ../clib/armsys.c                         0x00000000   Number         0  argv_veneer.o ABSOLUTE
    ../clib/armsys.c                         0x00000000   Number         0  no_argv.o ABSOLUTE
    ../clib/armsys.c                         0x00000000   Number         0  _get_argv_nomalloc.o ABSOLUTE
    ../clib/armsys.c                         0x00000000   Number         0  argv_veneer.o ABSOLUTE
    ../clib/heapalloc.c                      0x00000000   Number         0  hrguard.o ABSOLUTE
    ../clib/heapaux.c                        0x00000000   Number         0  heapauxi.o ABSOLUTE
    ../clib/libinit.s                        0x00000000   Number         0  libshutdown2.o ABSOLUTE
    ../clib/libinit.s                        0x00000000   Number         0  libinit2.o ABSOLUTE
    ../clib/libinit.s                        0x00000000   Number         0  libshutdown.o ABSOLUTE
    ../clib/libinit.s                        0x00000000   Number         0  libinit.o ABSOLUTE
    ../clib/locale.s                         0x00000000   Number         0  lc_ctype_c.o ABSOLUTE
    ../clib/longlong.s                       0x00000000   Number         0  lludivv7m.o ABSOLUTE
    ../clib/memcpset.s                       0x00000000   Number         0  strcmpv7m.o ABSOLUTE
    ../clib/printf.c                         0x00000000   Number         0  __printf_wp.o ABSOLUTE
    ../clib/printf.c                         0x00000000   Number         0  __printf_flags_wp.o ABSOLUTE
    ../clib/printf.c                         0x00000000   Number         0  __printf_ss_wp.o ABSOLUTE
    ../clib/printf.c                         0x00000000   Number         0  __printf_flags_ss_wp.o ABSOLUTE
    ../clib/printf.c                         0x00000000   Number         0  _printf_dec.o ABSOLUTE
    ../clib/printf.c                         0x00000000   Number         0  _printf_intcommon.o ABSOLUTE
    ../clib/printf.c                         0x00000000   Number         0  _printf_char_common.o ABSOLUTE
    ../clib/printf.c                         0x00000000   Number         0  _sputc.o ABSOLUTE
    ../clib/printf.c                         0x00000000   Number         0  __2sprintf.o ABSOLUTE
    ../clib/printf.c                         0x00000000   Number         0  noretval__2sprintf.o ABSOLUTE
    ../clib/printf.c                         0x00000000   Number         0  __printf.o ABSOLUTE
    ../clib/printf.c                         0x00000000   Number         0  __printf_nopercent.o ABSOLUTE
    ../clib/printf.c                         0x00000000   Number         0  __printf_flags.o ABSOLUTE
    ../clib/printf.c                         0x00000000   Number         0  __printf_ss.o ABSOLUTE
    ../clib/printf.c                         0x00000000   Number         0  __printf_flags_ss.o ABSOLUTE
    ../clib/printf_percent.s                 0x00000000   Number         0  _printf_percent.o ABSOLUTE
    ../clib/printf_percent.s                 0x00000000   Number         0  _printf_percent_end.o ABSOLUTE
    ../clib/printf_percent.s                 0x00000000   Number         0  _printf_d.o ABSOLUTE
    ../clib/scanf.c                          0x00000000   Number         0  strtol.o ABSOLUTE
    ../clib/scanf.c                          0x00000000   Number         0  atoi.o ABSOLUTE
    ../clib/scanf.c                          0x00000000   Number         0  _strtoul.o ABSOLUTE
    ../clib/scanf.c                          0x00000000   Number         0  _chval.o ABSOLUTE
    ../clib/signal.c                         0x00000000   Number         0  defsig_rtred_inner.o ABSOLUTE
    ../clib/signal.c                         0x00000000   Number         0  __raise.o ABSOLUTE
    ../clib/signal.c                         0x00000000   Number         0  defsig_rtmem_inner.o ABSOLUTE
    ../clib/signal.c                         0x00000000   Number         0  defsig_abrt_inner.o ABSOLUTE
    ../clib/signal.c                         0x00000000   Number         0  defsig_rtmem_outer.o ABSOLUTE
    ../clib/signal.c                         0x00000000   Number         0  defsig_rtmem_formal.o ABSOLUTE
    ../clib/signal.c                         0x00000000   Number         0  defsig_stak_inner.o ABSOLUTE
    ../clib/signal.c                         0x00000000   Number         0  defsig_fpe_inner.o ABSOLUTE
    ../clib/signal.c                         0x00000000   Number         0  defsig_other.o ABSOLUTE
    ../clib/signal.c                         0x00000000   Number         0  defsig_exit.o ABSOLUTE
    ../clib/signal.c                         0x00000000   Number         0  defsig_pvfn_inner.o ABSOLUTE
    ../clib/signal.c                         0x00000000   Number         0  defsig_fpe_formal.o ABSOLUTE
    ../clib/signal.c                         0x00000000   Number         0  defsig_segv_inner.o ABSOLUTE
    ../clib/signal.c                         0x00000000   Number         0  defsig_fpe_outer.o ABSOLUTE
    ../clib/signal.c                         0x00000000   Number         0  defsig_general.o ABSOLUTE
    ../clib/signal.c                         0x00000000   Number         0  defsig_cppl_inner.o ABSOLUTE
    ../clib/signal.s                         0x00000000   Number         0  defsig.o ABSOLUTE
    ../clib/stdlib.c                         0x00000000   Number         0  exit.o ABSOLUTE
    ../fplib/fpinit.s                        0x00000000   Number         0  fpinit.o ABSOLUTE
    ..\..\startup_LPC17xx.s                  0x00000000   Number         0  startup_lpc17xx.o ABSOLUTE
    ..\..\system_LPC17xx.c                   0x00000000   Number         0  system_lpc17xx.o ABSOLUTE
    ..\\..\\system_LPC17xx.c                 0x00000000   Number         0  system_lpc17xx.o ABSOLUTE
    bcdAdder_lcdtest.c                       0x00000000   Number         0  bcdadder_lcdtest.o ABSOLUTE
    bcdAdder_lcdtest.c                       0x00000000   Number         0  bcdadder_lcdtest.o ABSOLUTE
    dc.s                                     0x00000000   Number         0  dc.o ABSOLUTE
    !!!main                                  0x000000cc   Section        8  __main.o(!!!main)
    !!!scatter                               0x000000d4   Section       52  __scatter.o(!!!scatter)
    !!handler_copy                           0x00000108   Section       26  __scatter_copy.o(!!handler_copy)
    !!handler_zi                             0x00000124   Section       28  __scatter_zi.o(!!handler_zi)
    .ARM.Collect$$_printf_percent$$00000000  0x00000140   Section        0  _printf_percent.o(.ARM.Collect$$_printf_percent$$00000000)
    .ARM.Collect$$_printf_percent$$00000009  0x00000140   Section        6  _printf_d.o(.ARM.Collect$$_printf_percent$$00000009)
    .ARM.Collect$$_printf_percent$$00000017  0x00000146   Section        4  _printf_percent_end.o(.ARM.Collect$$_printf_percent$$00000017)
    .ARM.Collect$$libinit$$00000000          0x0000014a   Section        2  libinit.o(.ARM.Collect$$libinit$$00000000)
    .ARM.Collect$$libinit$$00000002          0x0000014c   Section        0  libinit2.o(.ARM.Collect$$libinit$$00000002)
    .ARM.Collect$$libinit$$00000004          0x0000014c   Section        0  libinit2.o(.ARM.Collect$$libinit$$00000004)
    .ARM.Collect$$libinit$$0000000A          0x0000014c   Section        0  libinit2.o(.ARM.Collect$$libinit$$0000000A)
    .ARM.Collect$$libinit$$0000000C          0x0000014c   Section        0  libinit2.o(.ARM.Collect$$libinit$$0000000C)
    .ARM.Collect$$libinit$$0000000E          0x0000014c   Section        0  libinit2.o(.ARM.Collect$$libinit$$0000000E)
    .ARM.Collect$$libinit$$0000000F          0x0000014c   Section        6  libinit2.o(.ARM.Collect$$libinit$$0000000F)
    .ARM.Collect$$libinit$$00000011          0x00000152   Section        0  libinit2.o(.ARM.Collect$$libinit$$00000011)
    .ARM.Collect$$libinit$$00000012          0x00000152   Section       12  libinit2.o(.ARM.Collect$$libinit$$00000012)
    .ARM.Collect$$libinit$$00000013          0x0000015e   Section        0  libinit2.o(.ARM.Collect$$libinit$$00000013)
    .ARM.Collect$$libinit$$00000015          0x0000015e   Section        0  libinit2.o(.ARM.Collect$$libinit$$00000015)
    .ARM.Collect$$libinit$$00000017          0x0000015e   Section        0  libinit2.o(.ARM.Collect$$libinit$$00000017)
    .ARM.Collect$$libinit$$00000019          0x0000015e   Section        0  libinit2.o(.ARM.Collect$$libinit$$00000019)
    .ARM.Collect$$libinit$$0000001B          0x0000015e   Section        0  libinit2.o(.ARM.Collect$$libinit$$0000001B)
    .ARM.Collect$$libinit$$0000001D          0x0000015e   Section        0  libinit2.o(.ARM.Collect$$libinit$$0000001D)
    .ARM.Collect$$libinit$$0000001F          0x0000015e   Section        0  libinit2.o(.ARM.Collect$$libinit$$0000001F)
    .ARM.Collect$$libinit$$00000021          0x0000015e   Section        0  libinit2.o(.ARM.Collect$$libinit$$00000021)
    .ARM.Collect$$libinit$$00000023          0x0000015e   Section        0  libinit2.o(.ARM.Collect$$libinit$$00000023)
    .ARM.Collect$$libinit$$00000025          0x0000015e   Section        0  libinit2.o(.ARM.Collect$$libinit$$00000025)
    .ARM.Collect$$libinit$$0000002C          0x0000015e   Section        0  libinit2.o(.ARM.Collect$$libinit$$0000002C)
    .ARM.Collect$$libinit$$0000002E          0x0000015e   Section        0  libinit2.o(.ARM.Collect$$libinit$$0000002E)
    .ARM.Collect$$libinit$$00000030          0x0000015e   Section        0  libinit2.o(.ARM.Collect$$libinit$$00000030)
    .ARM.Collect$$libinit$$00000032          0x0000015e   Section        0  libinit2.o(.ARM.Collect$$libinit$$00000032)
    .ARM.Collect$$libinit$$00000033          0x0000015e   Section        2  libinit2.o(.ARM.Collect$$libinit$$00000033)
    .ARM.Collect$$libshutdown$$00000000      0x00000160   Section        2  libshutdown.o(.ARM.Collect$$libshutdown$$00000000)
    .ARM.Collect$$libshutdown$$00000002      0x00000162   Section        0  libshutdown2.o(.ARM.Collect$$libshutdown$$00000002)
    .ARM.Collect$$libshutdown$$00000004      0x00000162   Section        0  libshutdown2.o(.ARM.Collect$$libshutdown$$00000004)
    .ARM.Collect$$libshutdown$$00000007      0x00000162   Section        0  libshutdown2.o(.ARM.Collect$$libshutdown$$00000007)
    .ARM.Collect$$libshutdown$$0000000A      0x00000162   Section        0  libshutdown2.o(.ARM.Collect$$libshutdown$$0000000A)
    .ARM.Collect$$libshutdown$$0000000C      0x00000162   Section        0  libshutdown2.o(.ARM.Collect$$libshutdown$$0000000C)
    .ARM.Collect$$libshutdown$$0000000F      0x00000162   Section        0  libshutdown2.o(.ARM.Collect$$libshutdown$$0000000F)
    .ARM.Collect$$libshutdown$$00000010      0x00000162   Section        2  libshutdown2.o(.ARM.Collect$$libshutdown$$00000010)
    .ARM.Collect$$rtentry$$00000000          0x00000164   Section        0  __rtentry.o(.ARM.Collect$$rtentry$$00000000)
    .ARM.Collect$$rtentry$$00000002          0x00000164   Section        0  __rtentry2.o(.ARM.Collect$$rtentry$$00000002)
    .ARM.Collect$$rtentry$$00000004          0x00000164   Section        6  __rtentry4.o(.ARM.Collect$$rtentry$$00000004)
    .ARM.Collect$$rtentry$$00000009          0x0000016a   Section        0  __rtentry2.o(.ARM.Collect$$rtentry$$00000009)
    .ARM.Collect$$rtentry$$0000000A          0x0000016a   Section        4  __rtentry2.o(.ARM.Collect$$rtentry$$0000000A)
    .ARM.Collect$$rtentry$$0000000C          0x0000016e   Section        0  __rtentry2.o(.ARM.Collect$$rtentry$$0000000C)
    .ARM.Collect$$rtentry$$0000000D          0x0000016e   Section        8  __rtentry2.o(.ARM.Collect$$rtentry$$0000000D)
    .ARM.Collect$$rtexit$$00000000           0x00000176   Section        2  rtexit.o(.ARM.Collect$$rtexit$$00000000)
    .ARM.Collect$$rtexit$$00000002           0x00000178   Section        0  rtexit2.o(.ARM.Collect$$rtexit$$00000002)
    .ARM.Collect$$rtexit$$00000003           0x00000178   Section        4  rtexit2.o(.ARM.Collect$$rtexit$$00000003)
    .ARM.Collect$$rtexit$$00000004           0x0000017c   Section        6  rtexit2.o(.ARM.Collect$$rtexit$$00000004)
    .text                                    0x00000184   Section       60  startup_lpc17xx.o(.text)
    .text                                    0x000001c0   Section      238  lludivv7m.o(.text)
    .text                                    0x000002b0   Section        0  noretval__2sprintf.o(.text)
    .text                                    0x000002d8   Section        0  atoi.o(.text)
    .text                                    0x000002f2   Section        0  heapauxi.o(.text)
    .text                                    0x000002f8   Section        2  use_no_semi.o(.text)
    .text                                    0x000002fa   Section        0  indicate_semi.o(.text)
    .ARM.__at_0x02FC                         0x000002fc   Section        4  startup_lpc17xx.o(.ARM.__at_0x02FC)
    .text                                    0x00000300   Section        0  __printf.o(.text)
    .text                                    0x00000368   Section        0  _printf_dec.o(.text)
    .text                                    0x000003e0   Section        8  rt_errno_addr_intlibspace.o(.text)
    .text                                    0x000003e8   Section        0  _printf_intcommon.o(.text)
    .text                                    0x0000049c   Section        0  _printf_char_common.o(.text)
    _printf_input_char                       0x0000049d   Thumb Code    10  _printf_char_common.o(.text)
    .text                                    0x000004cc   Section        0  _sputc.o(.text)
    .text                                    0x000004d6   Section        0  strtol.o(.text)
    .text                                    0x00000548   Section        8  libspace.o(.text)
    .text                                    0x00000550   Section       16  rt_ctype_table.o(.text)
    .text                                    0x00000560   Section        0  _strtoul.o(.text)
    .text                                    0x000005fe   Section       74  sys_stackheap_outer.o(.text)
    .text                                    0x00000648   Section        8  rt_locale_intlibspace.o(.text)
    .text                                    0x00000650   Section        0  _chval.o(.text)
    .text                                    0x0000066c   Section        0  exit.o(.text)
    .text                                    0x00000680   Section      128  strcmpv7m.o(.text)
    .text                                    0x00000700   Section        0  sys_exit.o(.text)
    i.EINT3_IRQHandler                       0x0000070c   Section        0  bcdadder_lcdtest.o(i.EINT3_IRQHandler)
    i.SystemCoreClockUpdate                  0x00000aac   Section        0  system_lpc17xx.o(i.SystemCoreClockUpdate)
    i.SystemInit                             0x00000c54   Section        0  system_lpc17xx.o(i.SystemInit)
    i.clear_ports                            0x00000cc4   Section        0  bcdadder_lcdtest.o(i.clear_ports)
    i.clr_disp                               0x00000cd4   Section        0  bcdadder_lcdtest.o(i.clr_disp)
    i.delay_lcd                              0x00000ce6   Section        0  bcdadder_lcdtest.o(i.delay_lcd)
    i.lcd_com                                0x00000cf2   Section        0  bcdadder_lcdtest.o(i.lcd_com)
    i.lcd_data                               0x00000d16   Section        0  bcdadder_lcdtest.o(i.lcd_data)
    i.lcd_init                               0x00000d3c   Section        0  bcdadder_lcdtest.o(i.lcd_init)
    i.lcd_puts                               0x00000e04   Section        0  bcdadder_lcdtest.o(i.lcd_puts)
    i.main                                   0x00000e28   Section        0  bcdadder_lcdtest.o(i.main)
    i.wr_cn                                  0x00001000   Section        0  bcdadder_lcdtest.o(i.wr_cn)
    i.wr_dn                                  0x0000102c   Section        0  bcdadder_lcdtest.o(i.wr_dn)
    locale$$code                             0x00001058   Section       44  lc_ctype_c.o(locale$$code)
    locale$$data                             0x000010a4   Section      272  lc_ctype_c.o(locale$$data)
    __lcctype_c_name                         0x000010a8   Data           2  lc_ctype_c.o(locale$$data)
    __lcctype_c_start                        0x000010b0   Data           0  lc_ctype_c.o(locale$$data)
    __lcctype_c_end                          0x000011b4   Data           0  lc_ctype_c.o(locale$$data)
    .data                                    0x10000000   Section      108  bcdadder_lcdtest.o(.data)
    .data                                    0x1000006c   Section        4  system_lpc17xx.o(.data)
    .bss                                     0x10000070   Section       96  libspace.o(.bss)
    HEAP                                     0x100000d0   Section        0  startup_lpc17xx.o(HEAP)
    STACK                                    0x100000d0   Section      512  startup_lpc17xx.o(STACK)
    Heap_Mem                                 0x100000d0   Data           0  startup_lpc17xx.o(HEAP)
    Stack_Mem                                0x100000d0   Data         512  startup_lpc17xx.o(STACK)
    __initial_sp                             0x100002d0   Data           0  startup_lpc17xx.o(STACK)

    Global Symbols

    Symbol Name                              Value     Ov Type        Size  Object(Section)

    BuildAttributes$$THM_ISAv4$P$D$K$B$S$PE$A:L22UL41UL21$X:L11$S22US41US21$IEEE1$IW$USESV6$~STKCKD$USESV7$~SHL$OSPACE$ROPI$EBA8$UX$STANDARDLIB$REQ8$PRES8$EABIv2 0x00000000   Number         0  anon$$obj.o ABSOLUTE
    __ARM_use_no_argv                        0x00000000   Number         0  bcdadder_lcdtest.o ABSOLUTE
    __Vectors                                0x00000000   Data           4  startup_lpc17xx.o(RESET)
    __ARM_exceptions_init                     - Undefined Weak Reference
    __alloca_initialize                       - Undefined Weak Reference
    __arm_preinit_                            - Undefined Weak Reference
    __cpp_initialize__aeabi_                  - Undefined Weak Reference
    __cxa_finalize                            - Undefined Weak Reference
    __sigvec_lookup                           - Undefined Weak Reference
    _atexit_init                              - Undefined Weak Reference
    _call_atexit_fns                          - Undefined Weak Reference
    _clock_init                               - Undefined Weak Reference
    _fp_trap_init                             - Undefined Weak Reference
    _fp_trap_shutdown                         - Undefined Weak Reference
    _get_lc_collate                           - Undefined Weak Reference
    _get_lc_monetary                          - Undefined Weak Reference
    _get_lc_numeric                           - Undefined Weak Reference
    _get_lc_time                              - Undefined Weak Reference
    _getenv_init                              - Undefined Weak Reference
    _handle_redirection                       - Undefined Weak Reference
    _init_alloc                               - Undefined Weak Reference
    _init_user_alloc                          - Undefined Weak Reference
    _initio                                   - Undefined Weak Reference
    _printf_post_padding                      - Undefined Weak Reference
    _printf_pre_padding                       - Undefined Weak Reference
    _printf_truncate_signed                   - Undefined Weak Reference
    _printf_truncate_unsigned                 - Undefined Weak Reference
    _rand_init                                - Undefined Weak Reference
    _signal_finish                            - Undefined Weak Reference
    _signal_init                              - Undefined Weak Reference
    _terminate_alloc                          - Undefined Weak Reference
    _terminate_user_alloc                     - Undefined Weak Reference
    _terminateio                              - Undefined Weak Reference
    __main                                   0x000000cd   Thumb Code     8  __main.o(!!!main)
    __scatterload                            0x000000d5   Thumb Code     0  __scatter.o(!!!scatter)
    __scatterload_rt2                        0x000000d5   Thumb Code    44  __scatter.o(!!!scatter)
    __scatterload_rt2_thumb_only             0x000000d5   Thumb Code     0  __scatter.o(!!!scatter)
    __scatterload_null                       0x000000e3   Thumb Code     0  __scatter.o(!!!scatter)
    __scatterload_copy                       0x00000109   Thumb Code    26  __scatter_copy.o(!!handler_copy)
    __scatterload_zeroinit                   0x00000125   Thumb Code    28  __scatter_zi.o(!!handler_zi)
    _printf_d                                0x00000141   Thumb Code     0  _printf_d.o(.ARM.Collect$$_printf_percent$$00000009)
    _printf_percent                          0x00000141   Thumb Code     0  _printf_percent.o(.ARM.Collect$$_printf_percent$$00000000)
    _printf_percent_end                      0x00000147   Thumb Code     0  _printf_percent_end.o(.ARM.Collect$$_printf_percent$$00000017)
    __rt_lib_init                            0x0000014b   Thumb Code     0  libinit.o(.ARM.Collect$$libinit$$00000000)
    __rt_lib_init_fp_1                       0x0000014d   Thumb Code     0  libinit2.o(.ARM.Collect$$libinit$$00000002)
    __rt_lib_init_heap_1                     0x0000014d   Thumb Code     0  libinit2.o(.ARM.Collect$$libinit$$0000000A)
    __rt_lib_init_lc_common                  0x0000014d   Thumb Code     0  libinit2.o(.ARM.Collect$$libinit$$0000000F)
    __rt_lib_init_preinit_1                  0x0000014d   Thumb Code     0  libinit2.o(.ARM.Collect$$libinit$$00000004)
    __rt_lib_init_rand_1                     0x0000014d   Thumb Code     0  libinit2.o(.ARM.Collect$$libinit$$0000000E)
    __rt_lib_init_user_alloc_1               0x0000014d   Thumb Code     0  libinit2.o(.ARM.Collect$$libinit$$0000000C)
    __rt_lib_init_lc_collate_1               0x00000153   Thumb Code     0  libinit2.o(.ARM.Collect$$libinit$$00000011)
    __rt_lib_init_lc_ctype_2                 0x00000153   Thumb Code     0  libinit2.o(.ARM.Collect$$libinit$$00000012)
    __rt_lib_init_alloca_1                   0x0000015f   Thumb Code     0  libinit2.o(.ARM.Collect$$libinit$$0000002E)
    __rt_lib_init_argv_1                     0x0000015f   Thumb Code     0  libinit2.o(.ARM.Collect$$libinit$$0000002C)
    __rt_lib_init_atexit_1                   0x0000015f   Thumb Code     0  libinit2.o(.ARM.Collect$$libinit$$0000001B)
    __rt_lib_init_clock_1                    0x0000015f   Thumb Code     0  libinit2.o(.ARM.Collect$$libinit$$00000021)
    __rt_lib_init_cpp_1                      0x0000015f   Thumb Code     0  libinit2.o(.ARM.Collect$$libinit$$00000032)
    __rt_lib_init_exceptions_1               0x0000015f   Thumb Code     0  libinit2.o(.ARM.Collect$$libinit$$00000030)
    __rt_lib_init_fp_trap_1                  0x0000015f   Thumb Code     0  libinit2.o(.ARM.Collect$$libinit$$0000001F)
    __rt_lib_init_getenv_1                   0x0000015f   Thumb Code     0  libinit2.o(.ARM.Collect$$libinit$$00000023)
    __rt_lib_init_lc_ctype_1                 0x0000015f   Thumb Code     0  libinit2.o(.ARM.Collect$$libinit$$00000013)
    __rt_lib_init_lc_monetary_1              0x0000015f   Thumb Code     0  libinit2.o(.ARM.Collect$$libinit$$00000015)
    __rt_lib_init_lc_numeric_1               0x0000015f   Thumb Code     0  libinit2.o(.ARM.Collect$$libinit$$00000017)
    __rt_lib_init_lc_time_1                  0x0000015f   Thumb Code     0  libinit2.o(.ARM.Collect$$libinit$$00000019)
    __rt_lib_init_return                     0x0000015f   Thumb Code     0  libinit2.o(.ARM.Collect$$libinit$$00000033)
    __rt_lib_init_signal_1                   0x0000015f   Thumb Code     0  libinit2.o(.ARM.Collect$$libinit$$0000001D)
    __rt_lib_init_stdio_1                    0x0000015f   Thumb Code     0  libinit2.o(.ARM.Collect$$libinit$$00000025)
    __rt_lib_shutdown                        0x00000161   Thumb Code     0  libshutdown.o(.ARM.Collect$$libshutdown$$00000000)
    __rt_lib_shutdown_cpp_1                  0x00000163   Thumb Code     0  libshutdown2.o(.ARM.Collect$$libshutdown$$00000002)
    __rt_lib_shutdown_fp_trap_1              0x00000163   Thumb Code     0  libshutdown2.o(.ARM.Collect$$libshutdown$$00000007)
    __rt_lib_shutdown_heap_1                 0x00000163   Thumb Code     0  libshutdown2.o(.ARM.Collect$$libshutdown$$0000000F)
    __rt_lib_shutdown_return                 0x00000163   Thumb Code     0  libshutdown2.o(.ARM.Collect$$libshutdown$$00000010)
    __rt_lib_shutdown_signal_1               0x00000163   Thumb Code     0  libshutdown2.o(.ARM.Collect$$libshutdown$$0000000A)
    __rt_lib_shutdown_stdio_1                0x00000163   Thumb Code     0  libshutdown2.o(.ARM.Collect$$libshutdown$$00000004)
    __rt_lib_shutdown_user_alloc_1           0x00000163   Thumb Code     0  libshutdown2.o(.ARM.Collect$$libshutdown$$0000000C)
    __rt_entry                               0x00000165   Thumb Code     0  __rtentry.o(.ARM.Collect$$rtentry$$00000000)
    __rt_entry_presh_1                       0x00000165   Thumb Code     0  __rtentry2.o(.ARM.Collect$$rtentry$$00000002)
    __rt_entry_sh                            0x00000165   Thumb Code     0  __rtentry4.o(.ARM.Collect$$rtentry$$00000004)
    __rt_entry_li                            0x0000016b   Thumb Code     0  __rtentry2.o(.ARM.Collect$$rtentry$$0000000A)
    __rt_entry_postsh_1                      0x0000016b   Thumb Code     0  __rtentry2.o(.ARM.Collect$$rtentry$$00000009)
    __rt_entry_main                          0x0000016f   Thumb Code     0  __rtentry2.o(.ARM.Collect$$rtentry$$0000000D)
    __rt_entry_postli_1                      0x0000016f   Thumb Code     0  __rtentry2.o(.ARM.Collect$$rtentry$$0000000C)
    __rt_exit                                0x00000177   Thumb Code     0  rtexit.o(.ARM.Collect$$rtexit$$00000000)
    __rt_exit_ls                             0x00000179   Thumb Code     0  rtexit2.o(.ARM.Collect$$rtexit$$00000003)
    __rt_exit_prels_1                        0x00000179   Thumb Code     0  rtexit2.o(.ARM.Collect$$rtexit$$00000002)
    __rt_exit_exit                           0x0000017d   Thumb Code     0  rtexit2.o(.ARM.Collect$$rtexit$$00000004)
    Reset_Handler                            0x00000185   Thumb Code     8  startup_lpc17xx.o(.text)
    NMI_Handler                              0x0000018d   Thumb Code     2  startup_lpc17xx.o(.text)
    HardFault_Handler                        0x0000018f   Thumb Code     2  startup_lpc17xx.o(.text)
    MemManage_Handler                        0x00000191   Thumb Code     2  startup_lpc17xx.o(.text)
    BusFault_Handler                         0x00000193   Thumb Code     2  startup_lpc17xx.o(.text)
    UsageFault_Handler                       0x00000195   Thumb Code     2  startup_lpc17xx.o(.text)
    SVC_Handler                              0x00000197   Thumb Code     2  startup_lpc17xx.o(.text)
    DebugMon_Handler                         0x00000199   Thumb Code     2  startup_lpc17xx.o(.text)
    PendSV_Handler                           0x0000019b   Thumb Code     2  startup_lpc17xx.o(.text)
    SysTick_Handler                          0x0000019d   Thumb Code     2  startup_lpc17xx.o(.text)
    ADC_IRQHandler                           0x0000019f   Thumb Code     0  startup_lpc17xx.o(.text)
    BOD_IRQHandler                           0x0000019f   Thumb Code     0  startup_lpc17xx.o(.text)
    CANActivity_IRQHandler                   0x0000019f   Thumb Code     0  startup_lpc17xx.o(.text)
    CAN_IRQHandler                           0x0000019f   Thumb Code     0  startup_lpc17xx.o(.text)
    DMA_IRQHandler                           0x0000019f   Thumb Code     0  startup_lpc17xx.o(.text)
    EINT0_IRQHandler                         0x0000019f   Thumb Code     0  startup_lpc17xx.o(.text)
    EINT1_IRQHandler                         0x0000019f   Thumb Code     0  startup_lpc17xx.o(.text)
    EINT2_IRQHandler                         0x0000019f   Thumb Code     0  startup_lpc17xx.o(.text)
    ENET_IRQHandler                          0x0000019f   Thumb Code     0  startup_lpc17xx.o(.text)
    I2C0_IRQHandler                          0x0000019f   Thumb Code     0  startup_lpc17xx.o(.text)
    I2C1_IRQHandler                          0x0000019f   Thumb Code     0  startup_lpc17xx.o(.text)
    I2C2_IRQHandler                          0x0000019f   Thumb Code     0  startup_lpc17xx.o(.text)
    I2S_IRQHandler                           0x0000019f   Thumb Code     0  startup_lpc17xx.o(.text)
    MCPWM_IRQHandler                         0x0000019f   Thumb Code     0  startup_lpc17xx.o(.text)
    PLL0_IRQHandler                          0x0000019f   Thumb Code     0  startup_lpc17xx.o(.text)
    PLL1_IRQHandler                          0x0000019f   Thumb Code     0  startup_lpc17xx.o(.text)
    PWM1_IRQHandler                          0x0000019f   Thumb Code     0  startup_lpc17xx.o(.text)
    QEI_IRQHandler                           0x0000019f   Thumb Code     0  startup_lpc17xx.o(.text)
    RIT_IRQHandler                           0x0000019f   Thumb Code     0  startup_lpc17xx.o(.text)
    RTC_IRQHandler                           0x0000019f   Thumb Code     0  startup_lpc17xx.o(.text)
    SPI_IRQHandler                           0x0000019f   Thumb Code     0  startup_lpc17xx.o(.text)
    SSP0_IRQHandler                          0x0000019f   Thumb Code     0  startup_lpc17xx.o(.text)
    SSP1_IRQHandler                          0x0000019f   Thumb Code     0  startup_lpc17xx.o(.text)
    TIMER0_IRQHandler                        0x0000019f   Thumb Code     0  startup_lpc17xx.o(.text)
    TIMER1_IRQHandler                        0x0000019f   Thumb Code     0  startup_lpc17xx.o(.text)
    TIMER2_IRQHandler                        0x0000019f   Thumb Code     0  startup_lpc17xx.o(.text)
    TIMER3_IRQHandler                        0x0000019f   Thumb Code     0  startup_lpc17xx.o(.text)
    UART0_IRQHandler                         0x0000019f   Thumb Code     0  startup_lpc17xx.o(.text)
    UART1_IRQHandler                         0x0000019f   Thumb Code     0  startup_lpc17xx.o(.text)
    UART2_IRQHandler                         0x0000019f   Thumb Code     0  startup_lpc17xx.o(.text)
    UART3_IRQHandler                         0x0000019f   Thumb Code     0  startup_lpc17xx.o(.text)
    USBActivity_IRQHandler                   0x0000019f   Thumb Code     0  startup_lpc17xx.o(.text)
    USB_IRQHandler                           0x0000019f   Thumb Code     0  startup_lpc17xx.o(.text)
    WDT_IRQHandler                           0x0000019f   Thumb Code     0  startup_lpc17xx.o(.text)
    __user_initial_stackheap                 0x000001a1   Thumb Code     0  startup_lpc17xx.o(.text)
    __aeabi_uldivmod                         0x000001c1   Thumb Code     0  lludivv7m.o(.text)
    _ll_udiv                                 0x000001c1   Thumb Code   238  lludivv7m.o(.text)
    __2sprintf                               0x000002b1   Thumb Code    34  noretval__2sprintf.o(.text)
    atoi                                     0x000002d9   Thumb Code    26  atoi.o(.text)
    __use_two_region_memory                  0x000002f3   Thumb Code     2  heapauxi.o(.text)
    __rt_heap_escrow$2region                 0x000002f5   Thumb Code     2  heapauxi.o(.text)
    __rt_heap_expand$2region                 0x000002f7   Thumb Code     2  heapauxi.o(.text)
    __I$use$semihosting                      0x000002f9   Thumb Code     0  use_no_semi.o(.text)
    __use_no_semihosting_swi                 0x000002f9   Thumb Code     2  use_no_semi.o(.text)
    __semihosting_library_function           0x000002fb   Thumb Code     0  indicate_semi.o(.text)
    __printf                                 0x00000301   Thumb Code   104  __printf.o(.text)
    _printf_int_dec                          0x00000369   Thumb Code   104  _printf_dec.o(.text)
    __aeabi_errno_addr                       0x000003e1   Thumb Code     8  rt_errno_addr_intlibspace.o(.text)
    __errno$intlibspace                      0x000003e1   Thumb Code     0  rt_errno_addr_intlibspace.o(.text)
    __rt_errno_addr$intlibspace              0x000003e1   Thumb Code     0  rt_errno_addr_intlibspace.o(.text)
    _printf_int_common                       0x000003e9   Thumb Code   178  _printf_intcommon.o(.text)
    _printf_char_common                      0x000004a7   Thumb Code    32  _printf_char_common.o(.text)
    _sputc                                   0x000004cd   Thumb Code    10  _sputc.o(.text)
    strtol                                   0x000004d7   Thumb Code   112  strtol.o(.text)
    __user_libspace                          0x00000549   Thumb Code     8  libspace.o(.text)
    __user_perproc_libspace                  0x00000549   Thumb Code     0  libspace.o(.text)
    __user_perthread_libspace                0x00000549   Thumb Code     0  libspace.o(.text)
    __rt_ctype_table                         0x00000551   Thumb Code    16  rt_ctype_table.o(.text)
    _strtoul                                 0x00000561   Thumb Code   158  _strtoul.o(.text)
    __user_setup_stackheap                   0x000005ff   Thumb Code    74  sys_stackheap_outer.o(.text)
    __rt_locale                              0x00000649   Thumb Code     8  rt_locale_intlibspace.o(.text)
    _chval                                   0x00000651   Thumb Code    28  _chval.o(.text)
    exit                                     0x0000066d   Thumb Code    18  exit.o(.text)
    strcmp                                   0x00000681   Thumb Code   128  strcmpv7m.o(.text)
    _sys_exit                                0x00000701   Thumb Code     8  sys_exit.o(.text)
    EINT3_IRQHandler                         0x0000070d   Thumb Code   884  bcdadder_lcdtest.o(i.EINT3_IRQHandler)
    SystemCoreClockUpdate                    0x00000aad   Thumb Code   408  system_lpc17xx.o(i.SystemCoreClockUpdate)
    SystemInit                               0x00000c55   Thumb Code   100  system_lpc17xx.o(i.SystemInit)
    clear_ports                              0x00000cc5   Thumb Code    10  bcdadder_lcdtest.o(i.clear_ports)
    clr_disp                                 0x00000cd5   Thumb Code    18  bcdadder_lcdtest.o(i.clr_disp)
    delay_lcd                                0x00000ce7   Thumb Code    12  bcdadder_lcdtest.o(i.delay_lcd)
    lcd_com                                  0x00000cf3   Thumb Code    36  bcdadder_lcdtest.o(i.lcd_com)
    lcd_data                                 0x00000d17   Thumb Code    36  bcdadder_lcdtest.o(i.lcd_data)
    lcd_init                                 0x00000d3d   Thumb Code   186  bcdadder_lcdtest.o(i.lcd_init)
    lcd_puts                                 0x00000e05   Thumb Code    34  bcdadder_lcdtest.o(i.lcd_puts)
    main                                     0x00000e29   Thumb Code   412  bcdadder_lcdtest.o(i.main)
    wr_cn                                    0x00001001   Thumb Code    40  bcdadder_lcdtest.o(i.wr_cn)
    wr_dn                                    0x0000102d   Thumb Code    40  bcdadder_lcdtest.o(i.wr_dn)
    _get_lc_ctype                            0x00001059   Thumb Code    44  lc_ctype_c.o(locale$$code)
    Region$$Table$$Base                      0x00001084   Number         0  anon$$obj.o(Region$$Table)
    Region$$Table$$Limit                     0x000010a4   Number         0  anon$$obj.o(Region$$Table)
    __ctype                                  0x000010b1   Data           0  lc_ctype_c.o(locale$$data)
    row                                      0x10000000   Data           4  bcdadder_lcdtest.o(.data)
    col                                      0x10000004   Data           4  bcdadder_lcdtest.o(.data)
    c                                        0x10000008   Data           4  bcdadder_lcdtest.o(.data)
    sum                                      0x1000000c   Data           8  bcdadder_lcdtest.o(.data)
    log0msg                                  0x10000014   Data          16  bcdadder_lcdtest.o(.data)
    log1msg                                  0x10000024   Data          15  bcdadder_lcdtest.o(.data)
    log2msg                                  0x10000033   Data          13  bcdadder_lcdtest.o(.data)
    spaces                                   0x10000040   Data          17  bcdadder_lcdtest.o(.data)
    logcount                                 0x10000054   Data           4  bcdadder_lcdtest.o(.data)
    top                                      0x10000058   Data           4  bcdadder_lcdtest.o(.data)
    integer_sum                              0x1000005c   Data           4  bcdadder_lcdtest.o(.data)
    number_of_numbers                        0x10000060   Data           4  bcdadder_lcdtest.o(.data)
    i                                        0x10000064   Data           4  bcdadder_lcdtest.o(.data)
    j                                        0x10000068   Data           4  bcdadder_lcdtest.o(.data)
    SystemCoreClock                          0x1000006c   Data           4  system_lpc17xx.o(.data)
    __libspace_start                         0x10000070   Data          96  libspace.o(.bss)
    __temporary_stack_top$libspace           0x100000d0   Data           0  libspace.o(.bss)



==============================================================================

Memory Map of the image

  Image Entry point : 0x00000185

  Load Region LR_1 (Base: 0x00000000, Size: 0x00001224, Max: 0xffffffff, ABSOLUTE)

    Execution Region ER_RO (Base: 0x00000000, Size: 0x000011b4, Max: 0xffffffff, ABSOLUTE)

    Base Addr    Size         Type   Attr      Idx    E Section Name        Object

    0x00000000   0x000000cc   Data   RO          148    RESET               startup_lpc17xx.o
    0x000000cc   0x00000008   Code   RO          194  * !!!main             c_w.l(__main.o)
    0x000000d4   0x00000034   Code   RO          393    !!!scatter          c_w.l(__scatter.o)
    0x00000108   0x0000001a   Code   RO          395    !!handler_copy      c_w.l(__scatter_copy.o)
    0x00000122   0x00000002   PAD
    0x00000124   0x0000001c   Code   RO          397    !!handler_zi        c_w.l(__scatter_zi.o)
    0x00000140   0x00000000   Code   RO          189    .ARM.Collect$$_printf_percent$$00000000  c_w.l(_printf_percent.o)
    0x00000140   0x00000006   Code   RO          188    .ARM.Collect$$_printf_percent$$00000009  c_w.l(_printf_d.o)
    0x00000146   0x00000004   Code   RO          212    .ARM.Collect$$_printf_percent$$00000017  c_w.l(_printf_percent_end.o)
    0x0000014a   0x00000002   Code   RO          264    .ARM.Collect$$libinit$$00000000  c_w.l(libinit.o)
    0x0000014c   0x00000000   Code   RO          276    .ARM.Collect$$libinit$$00000002  c_w.l(libinit2.o)
    0x0000014c   0x00000000   Code   RO          278    .ARM.Collect$$libinit$$00000004  c_w.l(libinit2.o)
    0x0000014c   0x00000000   Code   RO          281    .ARM.Collect$$libinit$$0000000A  c_w.l(libinit2.o)
    0x0000014c   0x00000000   Code   RO          283    .ARM.Collect$$libinit$$0000000C  c_w.l(libinit2.o)
    0x0000014c   0x00000000   Code   RO          285    .ARM.Collect$$libinit$$0000000E  c_w.l(libinit2.o)
    0x0000014c   0x00000006   Code   RO          286    .ARM.Collect$$libinit$$0000000F  c_w.l(libinit2.o)
    0x00000152   0x00000000   Code   RO          288    .ARM.Collect$$libinit$$00000011  c_w.l(libinit2.o)
    0x00000152   0x0000000c   Code   RO          289    .ARM.Collect$$libinit$$00000012  c_w.l(libinit2.o)
    0x0000015e   0x00000000   Code   RO          290    .ARM.Collect$$libinit$$00000013  c_w.l(libinit2.o)
    0x0000015e   0x00000000   Code   RO          292    .ARM.Collect$$libinit$$00000015  c_w.l(libinit2.o)
    0x0000015e   0x00000000   Code   RO          294    .ARM.Collect$$libinit$$00000017  c_w.l(libinit2.o)
    0x0000015e   0x00000000   Code   RO          296    .ARM.Collect$$libinit$$00000019  c_w.l(libinit2.o)
    0x0000015e   0x00000000   Code   RO          298    .ARM.Collect$$libinit$$0000001B  c_w.l(libinit2.o)
    0x0000015e   0x00000000   Code   RO          300    .ARM.Collect$$libinit$$0000001D  c_w.l(libinit2.o)
    0x0000015e   0x00000000   Code   RO          302    .ARM.Collect$$libinit$$0000001F  c_w.l(libinit2.o)
    0x0000015e   0x00000000   Code   RO          304    .ARM.Collect$$libinit$$00000021  c_w.l(libinit2.o)
    0x0000015e   0x00000000   Code   RO          306    .ARM.Collect$$libinit$$00000023  c_w.l(libinit2.o)
    0x0000015e   0x00000000   Code   RO          308    .ARM.Collect$$libinit$$00000025  c_w.l(libinit2.o)
    0x0000015e   0x00000000   Code   RO          312    .ARM.Collect$$libinit$$0000002C  c_w.l(libinit2.o)
    0x0000015e   0x00000000   Code   RO          314    .ARM.Collect$$libinit$$0000002E  c_w.l(libinit2.o)
    0x0000015e   0x00000000   Code   RO          316    .ARM.Collect$$libinit$$00000030  c_w.l(libinit2.o)
    0x0000015e   0x00000000   Code   RO          318    .ARM.Collect$$libinit$$00000032  c_w.l(libinit2.o)
    0x0000015e   0x00000002   Code   RO          319    .ARM.Collect$$libinit$$00000033  c_w.l(libinit2.o)
    0x00000160   0x00000002   Code   RO          350    .ARM.Collect$$libshutdown$$00000000  c_w.l(libshutdown.o)
    0x00000162   0x00000000   Code   RO          376    .ARM.Collect$$libshutdown$$00000002  c_w.l(libshutdown2.o)
    0x00000162   0x00000000   Code   RO          378    .ARM.Collect$$libshutdown$$00000004  c_w.l(libshutdown2.o)
    0x00000162   0x00000000   Code   RO          381    .ARM.Collect$$libshutdown$$00000007  c_w.l(libshutdown2.o)
    0x00000162   0x00000000   Code   RO          384    .ARM.Collect$$libshutdown$$0000000A  c_w.l(libshutdown2.o)
    0x00000162   0x00000000   Code   RO          386    .ARM.Collect$$libshutdown$$0000000C  c_w.l(libshutdown2.o)
    0x00000162   0x00000000   Code   RO          389    .ARM.Collect$$libshutdown$$0000000F  c_w.l(libshutdown2.o)
    0x00000162   0x00000002   Code   RO          390    .ARM.Collect$$libshutdown$$00000010  c_w.l(libshutdown2.o)
    0x00000164   0x00000000   Code   RO          196    .ARM.Collect$$rtentry$$00000000  c_w.l(__rtentry.o)
    0x00000164   0x00000000   Code   RO          219    .ARM.Collect$$rtentry$$00000002  c_w.l(__rtentry2.o)
    0x00000164   0x00000006   Code   RO          231    .ARM.Collect$$rtentry$$00000004  c_w.l(__rtentry4.o)
    0x0000016a   0x00000000   Code   RO          221    .ARM.Collect$$rtentry$$00000009  c_w.l(__rtentry2.o)
    0x0000016a   0x00000004   Code   RO          222    .ARM.Collect$$rtentry$$0000000A  c_w.l(__rtentry2.o)
    0x0000016e   0x00000000   Code   RO          224    .ARM.Collect$$rtentry$$0000000C  c_w.l(__rtentry2.o)
    0x0000016e   0x00000008   Code   RO          225    .ARM.Collect$$rtentry$$0000000D  c_w.l(__rtentry2.o)
    0x00000176   0x00000002   Code   RO          265    .ARM.Collect$$rtexit$$00000000  c_w.l(rtexit.o)
    0x00000178   0x00000000   Code   RO          323    .ARM.Collect$$rtexit$$00000002  c_w.l(rtexit2.o)
    0x00000178   0x00000004   Code   RO          324    .ARM.Collect$$rtexit$$00000003  c_w.l(rtexit2.o)
    0x0000017c   0x00000006   Code   RO          325    .ARM.Collect$$rtexit$$00000004  c_w.l(rtexit2.o)
    0x00000182   0x00000002   PAD
    0x00000184   0x0000003c   Code   RO          150  * .text               startup_lpc17xx.o
    0x000001c0   0x000000ee   Code   RO          158    .text               c_w.l(lludivv7m.o)
    0x000002ae   0x00000002   PAD
    0x000002b0   0x00000028   Code   RO          162    .text               c_w.l(noretval__2sprintf.o)
    0x000002d8   0x0000001a   Code   RO          190    .text               c_w.l(atoi.o)
    0x000002f2   0x00000006   Code   RO          192    .text               c_w.l(heapauxi.o)
    0x000002f8   0x00000002   Code   RO          339    .text               c_w.l(use_no_semi.o)
    0x000002fa   0x00000000   Code   RO          341    .text               c_w.l(indicate_semi.o)
    0x000002fa   0x00000002   PAD
    0x000002fc   0x00000004   Code   RO          149    .ARM.__at_0x02FC    startup_lpc17xx.o
    0x00000300   0x00000068   Code   RO          164    .text               c_w.l(__printf.o)
    0x00000368   0x00000078   Code   RO          166    .text               c_w.l(_printf_dec.o)
    0x000003e0   0x00000008   Code   RO          204    .text               c_w.l(rt_errno_addr_intlibspace.o)
    0x000003e8   0x000000b2   Code   RO          206    .text               c_w.l(_printf_intcommon.o)
    0x0000049a   0x00000002   PAD
    0x0000049c   0x00000030   Code   RO          208    .text               c_w.l(_printf_char_common.o)
    0x000004cc   0x0000000a   Code   RO          210    .text               c_w.l(_sputc.o)
    0x000004d6   0x00000070   Code   RO          213    .text               c_w.l(strtol.o)
    0x00000546   0x00000002   PAD
    0x00000548   0x00000008   Code   RO          215    .text               c_w.l(libspace.o)
    0x00000550   0x00000010   Code   RO          233    .text               c_w.l(rt_ctype_table.o)
    0x00000560   0x0000009e   Code   RO          239    .text               c_w.l(_strtoul.o)
    0x000005fe   0x0000004a   Code   RO          241    .text               c_w.l(sys_stackheap_outer.o)
    0x00000648   0x00000008   Code   RO          246    .text               c_w.l(rt_locale_intlibspace.o)
    0x00000650   0x0000001c   Code   RO          248    .text               c_w.l(_chval.o)
    0x0000066c   0x00000012   Code   RO          253    .text               c_w.l(exit.o)
    0x0000067e   0x00000002   PAD
    0x00000680   0x00000080   Code   RO          273    .text               c_w.l(strcmpv7m.o)
    0x00000700   0x0000000c   Code   RO          320    .text               c_w.l(sys_exit.o)
    0x0000070c   0x000003a0   Code   RO            3    i.EINT3_IRQHandler  bcdadder_lcdtest.o
    0x00000aac   0x000001a8   Code   RO          112    i.SystemCoreClockUpdate  system_lpc17xx.o
    0x00000c54   0x00000070   Code   RO          113    i.SystemInit        system_lpc17xx.o
    0x00000cc4   0x00000010   Code   RO            4    i.clear_ports       bcdadder_lcdtest.o
    0x00000cd4   0x00000012   Code   RO            5    i.clr_disp          bcdadder_lcdtest.o
    0x00000ce6   0x0000000c   Code   RO            6    i.delay_lcd         bcdadder_lcdtest.o
    0x00000cf2   0x00000024   Code   RO            7    i.lcd_com           bcdadder_lcdtest.o
    0x00000d16   0x00000024   Code   RO            8    i.lcd_data          bcdadder_lcdtest.o
    0x00000d3a   0x00000002   PAD
    0x00000d3c   0x000000c8   Code   RO            9    i.lcd_init          bcdadder_lcdtest.o
    0x00000e04   0x00000022   Code   RO           10    i.lcd_puts          bcdadder_lcdtest.o
    0x00000e26   0x00000002   PAD
    0x00000e28   0x000001d8   Code   RO           11    i.main              bcdadder_lcdtest.o
    0x00001000   0x0000002c   Code   RO           12    i.wr_cn             bcdadder_lcdtest.o
    0x0000102c   0x0000002c   Code   RO           13    i.wr_dn             bcdadder_lcdtest.o
    0x00001058   0x0000002c   Code   RO          251    locale$$code        c_w.l(lc_ctype_c.o)
    0x00001084   0x00000020   Data   RO          391    Region$$Table       anon$$obj.o
    0x000010a4   0x00000110   Data   RO          250    locale$$data        c_w.l(lc_ctype_c.o)


    Execution Region ER_RW (Base: 0x10000000, Size: 0x00000070, Max: 0xffffffff, ABSOLUTE)

    Base Addr    Size         Type   Attr      Idx    E Section Name        Object

    0x10000000   0x0000006c   Data   RW           14    .data               bcdadder_lcdtest.o
    0x1000006c   0x00000004   Data   RW          114    .data               system_lpc17xx.o


    Execution Region ER_ZI (Base: 0x10000070, Size: 0x00000260, Max: 0xffffffff, ABSOLUTE)

    Base Addr    Size         Type   Attr      Idx    E Section Name        Object

    0x10000070   0x00000060   Zero   RW          216    .bss                c_w.l(libspace.o)
    0x100000d0   0x00000000   Zero   RW          147    HEAP                startup_lpc17xx.o
    0x100000d0   0x00000200   Zero   RW          146    STACK               startup_lpc17xx.o


==============================================================================

Image component sizes


      Code (inc. data)   RO Data    RW Data    ZI Data      Debug   Object Name

      1840        132          0        108          0      52395   bcdadder_lcdtest.o
        64         26        204          0        512       1008   startup_lpc17xx.o
       536         28          0          4          0       1263   system_lpc17xx.o

    ----------------------------------------------------------------------
      2444        186        236        112        512      54666   Object Totals
         0          0         32          0          0          0   (incl. Generated)
         4          0          0          0          0          0   (incl. Padding)

    ----------------------------------------------------------------------

      Code (inc. data)   RO Data    RW Data    ZI Data      Debug   Library Member Name

         8          0          0          0          0         68   __main.o
       104          0          0          0          0         84   __printf.o
         0          0          0          0          0          0   __rtentry.o
        12          0          0          0          0          0   __rtentry2.o
         6          0          0          0          0          0   __rtentry4.o
        52          8          0          0          0          0   __scatter.o
        26          0          0          0          0          0   __scatter_copy.o
        28          0          0          0          0          0   __scatter_zi.o
        28          0          0          0          0         68   _chval.o
        48          6          0          0          0         96   _printf_char_common.o
         6          0          0          0          0          0   _printf_d.o
       120         16          0          0          0         92   _printf_dec.o
       178          0          0          0          0         88   _printf_intcommon.o
         0          0          0          0          0          0   _printf_percent.o
         4          0          0          0          0          0   _printf_percent_end.o
        10          0          0          0          0         68   _sputc.o
       158          0          0          0          0         92   _strtoul.o
        26          0          0          0          0         80   atoi.o
        18          0          0          0          0         80   exit.o
         6          0          0          0          0        152   heapauxi.o
         0          0          0          0          0          0   indicate_semi.o
        44         10        272          0          0         76   lc_ctype_c.o
         2          0          0          0          0          0   libinit.o
        20          0          0          0          0          0   libinit2.o
         2          0          0          0          0          0   libshutdown.o
         2          0          0          0          0          0   libshutdown2.o
         8          4          0          0         96         68   libspace.o
       238          0          0          0          0        100   lludivv7m.o
        40          6          0          0          0         84   noretval__2sprintf.o
        16          4          0          0          0         76   rt_ctype_table.o
         8          4          0          0          0         68   rt_errno_addr_intlibspace.o
         8          4          0          0          0         68   rt_locale_intlibspace.o
         2          0          0          0          0          0   rtexit.o
        10          0          0          0          0          0   rtexit2.o
       128          0          0          0          0         68   strcmpv7m.o
       112          0          0          0          0         88   strtol.o
        12          4          0          0          0         68   sys_exit.o
        74          0          0          0          0         80   sys_stackheap_outer.o
         2          0          0          0          0         68   use_no_semi.o

    ----------------------------------------------------------------------
      1580         66        272          0         96       1880   Library Totals
        14          0          0          0          0          0   (incl. Padding)

    ----------------------------------------------------------------------

      Code (inc. data)   RO Data    RW Data    ZI Data      Debug   Library Name

      1566         66        272          0         96       1880   c_w.l

    ----------------------------------------------------------------------
      1580         66        272          0         96       1880   Library Totals

    ----------------------------------------------------------------------

==============================================================================


      Code (inc. data)   RO Data    RW Data    ZI Data      Debug   

      4024        252        508        112        608      55034   Grand Totals
      4024        252        508        112        608      55034   ELF Image Totals
      4024        252        508        112          0          0   ROM Totals

==============================================================================

    Total RO  Size (Code + RO Data)                 4532 (   4.43kB)
    Total RW  Size (RW Data + ZI Data)               720 (   0.70kB)
    Total ROM Size (Code + RO Data + RW Data)       4644 (   4.54kB)

==============================================================================

